STATUS    NAME    AGE              URL
Success   repo2   15 minutes ago   https://anurl.com/owner/repo
