  NAME     SHA   STARTED                DURATION    STATUS 
â€¢ repo2    SHA   1999-02-03T03:49:06Z   1 minute    Success
