STATUS    NAME    AGE              URL
Success   repo1   15 minutes ago   https://anurl.com/owner/repo
