STATUS    NAME    AGE            URL
Success   repo1   38 years ago   https://anurl.com/repo/owner
