Pipelines as Code:
 Install Version: testing
 Install Namespace: pipelines-as-code
